// Jest Snapshot v1, https://goo.gl/fbAQLP

exports[`<Loading/> render the <Loading/> component 1`] = `
<div
  class="sc-bdfBwQ ebhJOW"
  data-testid="loading"
>
  <img
    class="sc-gsTCUz bobqpP"
    data-testid="loading-picture"
    src="/images/users//images/ben.png.png"
  />
</div>
`;

exports[`<Loading/> renders the <Loading.ReleaseBody/> 1`] = `null`;
